Traceback (most recent call last):
  File "C:\Users\Administrator\AppData\Local\Programs\Python\Python312\Lib\site-packages\jupyter_cache\executors\utils.py", line 58, in single_nb_execution
    executenb(
  File "C:\Users\Administrator\AppData\Local\Programs\Python\Python312\Lib\site-packages\nbclient\client.py", line 1323, in execute
    return NotebookClient(nb=nb, resources=resources, km=km, **kwargs).execute()
           ^^^^^^^^^^^^^^^^^^^^^^^^^^^^^^^^^^^^^^^^^^^^^^^^^^^^^^^^^^^^^^^^^^^^^
  File "C:\Users\Administrator\AppData\Local\Programs\Python\Python312\Lib\site-packages\jupyter_core\utils\__init__.py", line 165, in wrapped
    return loop.run_until_complete(inner)
           ^^^^^^^^^^^^^^^^^^^^^^^^^^^^^^
  File "C:\Users\Administrator\AppData\Local\Programs\Python\Python312\Lib\asyncio\base_events.py", line 691, in run_until_complete
    return future.result()
           ^^^^^^^^^^^^^^^
  File "C:\Users\Administrator\AppData\Local\Programs\Python\Python312\Lib\site-packages\nbclient\client.py", line 709, in async_execute
    await self.async_execute_cell(
  File "C:\Users\Administrator\AppData\Local\Programs\Python\Python312\Lib\site-packages\nbclient\client.py", line 1062, in async_execute_cell
    await self._check_raise_for_error(cell, cell_index, exec_reply)
  File "C:\Users\Administrator\AppData\Local\Programs\Python\Python312\Lib\site-packages\nbclient\client.py", line 918, in _check_raise_for_error
    raise CellExecutionError.from_cell_and_msg(cell, exec_reply_content)
nbclient.exceptions.CellExecutionError: An error occurred while executing the following cell:
------------------
import openeo

connection = openeo.connect("openeo.dataspace.copernicus.eu").authenticate_oidc()
------------------


[31m---------------------------------------------------------------------------[39m
[31mOidcDeviceCodePollTimeout[39m                 Traceback (most recent call last)
[36mCell[39m[36m [39m[32mIn[2][39m[32m, line 3[39m
[32m      1[39m [38;5;28;01mimport[39;00m openeo
[32m      2[39m 
[32m----> [39m[32m3[39m connection = openeo.connect([33m"openeo.dataspace.copernicus.eu"[39m).authenticate_oidc()

[36mFile [39m[32m~\AppData\Local\Programs\Python\Python312\Lib\site-packages\openeo\rest\connection.py:697[39m, in [36mConnection.authenticate_oidc[39m[34m(self, provider_id, client_id, client_secret, store_refresh_token, use_pkce, display, max_poll_time)[39m
[32m    693[39m _log.info([33m"[39m[33mTrying device code flow.[39m[33m"[39m)
[32m    694[39m authenticator = OidcDeviceAuthenticator(
[32m    695[39m     client_info=client_info, use_pkce=use_pkce, display=display, max_poll_time=max_poll_time
[32m    696[39m )
[32m--> [39m[32m697[39m con = [30;43mself[39;49m[30;43m.[39;49m[30;43m_authenticate_oidc[39;49m[30;43m([39;49m
[32m    698[39m [30;43m    [39;49m[30;43mauthenticator[39;49m[30;43m,[39;49m
[32m    699[39m [30;43m    [39;49m[30;43mprovider_id[39;49m[30;43m=[39;49m[30;43mprovider_id[39;49m[30;43m,[39;49m
[32m    700[39m [30;43m    [39;49m[30;43mstore_refresh_token[39;49m[30;43m=[39;49m[30;43mstore_refresh_token[39;49m[30;43m,[39;49m
[32m    701[39m [30;43m    [39;49m[30;43;03m# TODO: expose `auto_renew_from_refresh_token` directly as option instead of reusing `store_refresh_token` arg?[39;49;00m
[32m    702[39m [30;43m    [39;49m[30;43mauto_renew_from_refresh_token[39;49m[30;43m=[39;49m[30;43mstore_refresh_token[39;49m[30;43m,[39;49m
[32m    703[39m [30;43m[39;49m[30;43m)[39;49m
[32m    704[39m [38;5;28mprint[39m([33m"[39m[33mAuthenticated using device code flow.[39m[33m"[39m)
[32m    705[39m [38;5;28;01mreturn[39;00m con

[36mFile [39m[32m~\AppData\Local\Programs\Python\Python312\Lib\site-packages\openeo\rest\connection.py:413[39m, in [36mConnection._authenticate_oidc[39m[34m(self, authenticator, provider_id, store_refresh_token, auto_renew_from_refresh_token, fallback_refresh_token, oidc_auth_renewer)[39m
[32m    409[39m [38;5;250m[39m[33;03m"""[39;00m
[32m    410[39m [33;03mAuthenticate through OIDC and set up bearer token (based on OIDC access_token) for further requests.[39;00m
[32m    411[39m [33;03m"""[39;00m
[32m    412[39m request_refresh_token = store_refresh_token [38;5;129;01mor[39;00m ([38;5;129;01mnot[39;00m oidc_auth_renewer [38;5;129;01mand[39;00m auto_renew_from_refresh_token)
[32m--> [39m[32m413[39m tokens = [30;43mauthenticator[39;49m[30;43m.[39;49m[30;43mget_tokens[39;49m[30;43m([39;49m[30;43mrequest_refresh_token[39;49m[30;43m=[39;49m[30;43mrequest_refresh_token[39;49m[30;43m)[39;49m
[32m    414[39m _log.info([33m"[39m[33mObtained tokens: [39m[38;5;132;01m{t}[39;00m[33m"[39m.format(t=[k [38;5;28;01mfor[39;00m k, v [38;5;129;01min[39;00m tokens._asdict().items() [38;5;28;01mif[39;00m v]))
[32m    416[39m refresh_token = tokens.refresh_token [38;5;129;01mor[39;00m fallback_refresh_token

[36mFile [39m[32m~\AppData\Local\Programs\Python\Python312\Lib\site-packages\openeo\rest\auth\oidc.py:960[39m, in [36mOidcDeviceAuthenticator.get_tokens[39m[34m(self, request_refresh_token)[39m
[32m    957[39m         next_poll = elapsed() + poll_interval
[32m    959[39m poll_ui.show_progress(status=[33m"[39m[33mTimed out[39m[33m"[39m, include_bar=[38;5;28;01mFalse[39;00m)
[32m--> [39m[32m960[39m [38;5;28;01mraise[39;00m OidcDeviceCodePollTimeout([33mf[39m[33m"[39m[33mTimeout ([39m[38;5;132;01m{[39;00m[38;5;28mself[39m._max_poll_time[38;5;132;01m:[39;00m[33m.1f[39m[38;5;132;01m}[39;00m[33ms) while polling for access token.[39m[33m"[39m)

[31mOidcDeviceCodePollTimeout[39m: Timeout (300.0s) while polling for access token.

